[wordpress.blahlab.com/plexar/index.html]
[backblue.gif]
[fade.gif]
[index.html]
[wordpress.blahlab.com/plexar/wp-includes/css/dist/block-library/style.min4d2c.css]
[fonts.googleapis.com/index.html]
[wordpress.blahlab.com/plexar/wp-content/themes/plexar-by-honryou/assets/css/bulma5152.css]
[wordpress.blahlab.com/plexar/wp-content/themes/plexar-by-honryou/assets/css/font-awesome5152.css]
[wordpress.blahlab.com/plexar/feed/index.html]
[wordpress.blahlab.com/plexar/comments/feed/index.html]
[wordpress.blahlab.com/plexar/wp-content/themes/plexar-by-honryou/assets/css/linea-arrows-styles5152.css]
[wordpress.blahlab.com/plexar/wp-content/themes/plexar-by-honryou/assets/css/swiper5152.css]
[wordpress.blahlab.com/plexar/wp-content/themes/plexar-by-honryou/assets/css/app5152.css]
[wordpress.blahlab.com/plexar/wp-content/themes/plexar-by-honryou/assets/css/wp5152.css]
[wordpress.blahlab.com/plexar/wp-includes/js/jquery/jquery4a5f.js]
[wordpress.blahlab.com/plexar/wp-includes/js/jquery/jquery-migrate.min330a.js]
[wordpress.blahlab.com/plexar/xmlrpc0db0.php]
[wordpress.blahlab.com/plexar/wp-json/index.html]
[wordpress.blahlab.com/plexar/wp-includes/wlwmanifest.xml]
[wordpress.blahlab.com/plexar/wp-json/oembed/1.0/embed8e1c.json]
[wordpress.blahlab.com/plexar/wp-content/uploads/2020/01/work-1.10.delayed]
[wordpress.blahlab.com/plexar/wp-content/uploads/2023/06/work-3.mp4]
[wordpress.blahlab.com/plexar/about/index.html]
[wordpress.blahlab.com/plexar/wp-content/uploads/2023/06/work-2.jpg]
[wordpress.blahlab.com/plexar/portfolio/index.html]
[wordpress.blahlab.com/plexar/wp-content/uploads/2023/06/work-4.jpg]
[wordpress.blahlab.com/plexar/contact/index.html]
[wordpress.blahlab.com/plexar/wp-content/uploads/2023/06/work-5.jpg]
[wordpress.blahlab.com/plexar/blog/index.html]
[wordpress.blahlab.com/plexar/wp-content/uploads/2023/06/work-6.jpg]
[wordpress.blahlab.com/plexar/sample-page/index.html]
[wordpress.blahlab.com/plexar/wp-content/uploads/2023/06/work-7.jpg]
[wordpress.blahlab.com/plexar/portfolios/portfolio-item/index.html]
[wordpress.blahlab.com/plexar/portfolios/1973-luxury-urban-resort/index.html]
[wordpress.blahlab.com/plexar/wp-content/uploads/2023/06/work-8.jpg]
[wordpress.blahlab.com/plexar/portfolios/strike-foundation-manager/index.html]
[wordpress.blahlab.com/plexar/portfolios/avenu-look-book/index.html]
[wordpress.blahlab.com/plexar/wp-content/uploads/2023/06/work-9.jpg]
[wordpress.blahlab.com/plexar/portfolios/luxury-lifestyle-website/index.html]
[wordpress.blahlab.com/plexar/wp-content/uploads/2023/06/work-10.jpg]
[wordpress.blahlab.com/plexar/portfolios/revolutionary-brand/index.html]
[wordpress.blahlab.com/plexar/portfolios/theyre-not-shoes-theyre-shoots/index.html]
[wordpress.blahlab.com/plexar/portfolios/the-leader-barnd-of-fashion/index.html]
[wordpress.blahlab.com/plexar/wp-content/themes/plexar-by-honryou/assets/js/swiper.patched5152.js]
[wordpress.blahlab.com/plexar/portfolios/5-plus-luxury-lifestyle/index.html]
[wordpress.blahlab.com/plexar/wp-content/themes/plexar-by-honryou/assets/js/modernizr-custom5152.js]
[wordpress.blahlab.com/plexar/portfolios/aisha-digital-design/index.html]
[wordpress.blahlab.com/plexar/wp-content/themes/plexar-by-honryou/assets/js/app5152.js]
[wordpress.blahlab.com/plexar/wp-content/themes/plexar-by-honryou/assets/js/utils5152.js]
[wordpress.blahlab.com/plexar/index.html]
[wordpress.blahlab.com/plexar/wp-includes/js/wp-embed.min4d2c.js]
[fonts.googleapis.com/index.html]
[s.w.org/index.html]
[wordpress.blahlab.com/plexar/wp-includes/css/dist/block-library/style.min4d2c.css]
[wordpress.blahlab.com/plexar/wp-content/themes/plexar-by-honryou/assets/css/bulma5152.css]
[wordpress.blahlab.com/plexar/wp-content/themes/plexar-by-honryou/assets/fonts/font-awesome/fa-brands-400.eot]
[wordpress.blahlab.com/plexar/wp-content/themes/plexar-by-honryou/assets/fonts/font-awesome/fa-brands-400d41d.eot]
[wordpress.blahlab.com/plexar/wp-content/themes/plexar-by-honryou/assets/fonts/font-awesome/fa-brands-400.woff]
[wordpress.blahlab.com/plexar/wp-content/themes/plexar-by-honryou/assets/fonts/font-awesome/fa-brands-400.ttf]
[wordpress.blahlab.com/plexar/wp-content/themes/plexar-by-honryou/assets/fonts/font-awesome/fa-regular-400.eot]
[wordpress.blahlab.com/plexar/wp-content/themes/plexar-by-honryou/assets/fonts/font-awesome/fa-regular-400d41d.eot]
[wordpress.blahlab.com/plexar/wp-content/themes/plexar-by-honryou/assets/fonts/font-awesome/fa-regular-400.woff]
[wordpress.blahlab.com/plexar/wp-content/themes/plexar-by-honryou/assets/fonts/font-awesome/fa-regular-400.ttf]
[wordpress.blahlab.com/plexar/wp-content/themes/plexar-by-honryou/assets/fonts/font-awesome/fa-solid-900.eot]
[wordpress.blahlab.com/plexar/wp-content/themes/plexar-by-honryou/assets/fonts/font-awesome/fa-solid-900d41d.eot]
[wordpress.blahlab.com/plexar/wp-content/themes/plexar-by-honryou/assets/fonts/font-awesome/fa-solid-900.woff]
[wordpress.blahlab.com/plexar/wp-content/themes/plexar-by-honryou/assets/fonts/font-awesome/fa-solid-900.ttf]
[wordpress.blahlab.com/plexar/wp-content/themes/plexar-by-honryou/assets/css/font-awesome5152.css]
[wordpress.blahlab.com/plexar/wp-content/themes/plexar-by-honryou/assets/fonts/linea-arrows/linea-arrows-10.eot]
[wordpress.blahlab.com/plexar/wp-content/themes/plexar-by-honryou/assets/fonts/linea-arrows/linea-arrows-10.woff]
[wordpress.blahlab.com/plexar/wp-content/themes/plexar-by-honryou/assets/fonts/linea-arrows/linea-arrows-10.ttf]
[wordpress.blahlab.com/plexar/wp-content/themes/plexar-by-honryou/assets/fonts/linea-arrows/linea-arrows-10d41d.eot]
[wordpress.blahlab.com/plexar/wp-content/themes/plexar-by-honryou/assets/css/linea-arrows-styles5152.css]
[wordpress.blahlab.com/plexar/wp-content/themes/plexar-by-honryou/assets/css/swiper5152.css]
[wordpress.blahlab.com/plexar/wp-content/themes/plexar-by-honryou/assets/css/app5152.css]
[wordpress.blahlab.com/plexar/wp-content/themes/plexar-by-honryou/assets/css/wp5152.css]
[wordpress.blahlab.com/plexar/wp-content/themes/plexar-by-honryou/assets/css/inline5152.css]
[fonts.googleapis.com/cssdc74.css]
[wordpress.blahlab.com/plexar/wp-admin/admin-ajax.html]
[facebook.com/index.html]
[linkedin.com/index.html]
[twitter.com/index.html]
[instagram.com/index.html]
[wordpress.blahlab.com/plexar/wp-json/oembed/1.0/embed1f8a.json]
[wordpress.blahlab.com/plexar/wp-content/uploads/2023/06/about.jpg]
[wordpress.blahlab.com/plexar/wp-content/uploads/2023/06/client-1.png]
[wordpress.blahlab.com/plexar/wp-content/uploads/2023/06/client-2.png]
[wordpress.blahlab.com/plexar/wp-content/uploads/2023/06/client-3.png]
[wordpress.blahlab.com/plexar/wp-content/uploads/2023/06/client-4.png]
[wordpress.blahlab.com/plexar/wp-content/uploads/2023/06/client-5.png]
[wordpress.blahlab.com/plexar/wp-content/uploads/2023/06/client-6.png]
[wordpress.blahlab.com/plexar/about/index.html]
[wordpress.blahlab.com/plexar/wp-json/oembed/1.0/embedceff.json]
[wordpress.blahlab.com/plexar/portfolio/index.html]
[wordpress.blahlab.com/plexar/wp-json/oembed/1.0/embed0497.json]
[wordpress.blahlab.com/plexar/wp-content/uploads/2023/06/contact.jpg]
[wordpress.blahlab.com/plexar/contact/index.html]
[wordpress.blahlab.com/plexar/wp-json/oembed/1.0/embed402b.json]
[wordpress.blahlab.com/plexar/wp-content/uploads/2023/06/blog-1.jpg]
[wordpress.blahlab.com/plexar/blog/index.html]
[wordpress.blahlab.com/plexar/2023/06/auderd-digital-design-language-2/index.html]
[wordpress.blahlab.com/plexar/2023/06/the-challenges-of-scaling-innovation-2/index.html]
[wordpress.blahlab.com/plexar/2023/06/prototypes-and-production-2/index.html]
[wordpress.blahlab.com/plexar/wp-json/oembed/1.0/embed65d1.json]
[wordpress.blahlab.com/plexar/sample-page/index.html]
[wordpress.blahlab.com/plexar/sample-page/feed/index.html]
[wordpress.blahlab.com/plexar/wp-json/oembed/1.0/embed909e.json]
[wordpress.blahlab.com/plexar/wp-content/uploads/2023/06/blog-5.jpg]
[wordpress.blahlab.com/plexar/wp-content/uploads/2023/06/case-study-3-scaled.jpg]
[wordpress.blahlab.com/plexar/wp-content/uploads/2023/06/case-study-4-scaled.jpg]
[wordpress.blahlab.com/plexar/portfolios/portfolio-item/index.html]
[wordpress.blahlab.com/plexar/wp-json/oembed/1.0/embed7c0e.json]
[wordpress.blahlab.com/plexar/portfolios/1973-luxury-urban-resort/index.html]
[wordpress.blahlab.com/plexar/wp-json/oembed/1.0/embedae33.json]
[wordpress.blahlab.com/plexar/portfolios/strike-foundation-manager/index.html]
[wordpress.blahlab.com/plexar/wp-json/oembed/1.0/embed16bc]
[wordpress.blahlab.com/plexar/portfolios/avenu-look-book/index.html]
[wordpress.blahlab.com/plexar/wp-json/oembed/1.0/embed2e34]
[wordpress.blahlab.com/plexar/portfolios/luxury-lifestyle-website/index.html]
[wordpress.blahlab.com/plexar/wp-json/oembed/1.0/embed9ce0]
[wordpress.blahlab.com/plexar/portfolios/revolutionary-brand/index.html]
[wordpress.blahlab.com/plexar/wp-json/oembed/1.0/embed7173]
[wordpress.blahlab.com/plexar/portfolios/theyre-not-shoes-theyre-shoots/index.html]
[wordpress.blahlab.com/plexar/wp-json/oembed/1.0/embed75ee]
[wordpress.blahlab.com/plexar/portfolios/the-leader-barnd-of-fashion/index.html]
[wordpress.blahlab.com/plexar/wp-json/oembed/1.0/embed910f]
[wordpress.blahlab.com/plexar/portfolios/5-plus-luxury-lifestyle/index.html]
[wordpress.blahlab.com/plexar/wp-json/oembed/1.0/embed4a10]
[wordpress.blahlab.com/plexar/portfolios/aisha-digital-design/index.html]
[wordpress.blahlab.com/plexar/wp-content/themes/plexar-by-honryou/assets/js/jquery.validate5152.html]
[wordpress.blahlab.com/plexar/wp-content/themes/plexar-by-honryou/assets/js/inline5152.js]
[wordpress.blahlab.com/plexar/wp-content/themes/plexar-by-honryou/assets/fonts/font-awesome/fa-brands-400.html]
[wordpress.blahlab.com/plexar/wp-content/themes/plexar-by-honryou/assets/fonts/font-awesome/fa-brands-400.svg]
[wordpress.blahlab.com/plexar/wp-content/themes/plexar-by-honryou/assets/fonts/font-awesome/fa-regular-400.html]
[wordpress.blahlab.com/plexar/wp-content/themes/plexar-by-honryou/assets/fonts/font-awesome/fa-regular-400.svg]
[wordpress.blahlab.com/plexar/wp-content/themes/plexar-by-honryou/assets/fonts/font-awesome/fa-solid-900.html]
[wordpress.blahlab.com/plexar/wp-content/themes/plexar-by-honryou/assets/fonts/font-awesome/fa-solid-900.svg]
[wordpress.blahlab.com/plexar/wp-content/themes/plexar-by-honryou/assets/fonts/linea-arrows/linea-arrows-10.svg]
[wordpress.blahlab.com/plexar/wp-content/themes/plexar-by-honryou/images/@stock/service-1.html]
[wordpress.blahlab.com/plexar/wp-content/themes/plexar-by-honryou/images/@stock/service-2.html]
[wordpress.blahlab.com/plexar/wp-content/themes/plexar-by-honryou/images/@stock/service-3.html]
[wordpress.blahlab.com/plexar/indexc9c1.html]
[wordpress.blahlab.com/plexar/index5e3b.html]
[wordpress.blahlab.com/plexar/index0111.html]
[wordpress.blahlab.com/plexar/index1c50.html]
[wordpress.blahlab.com/plexar/wp-json/oembed/1.0/embed0123.json]
[wordpress.blahlab.com/plexar/wp-content/uploads/2023/06/blog-2.jpg]
[wordpress.blahlab.com/plexar/2023/06/auderd-digital-design-language-2/feed/index.html]
[wordpress.blahlab.com/plexar/category/web-design/index.html]
[wordpress.blahlab.com/plexar/category/opinion/index.html]
[wordpress.blahlab.com/plexar/wp-content/uploads/2023/06/blog-post-3-1024x499.jpg]
[wordpress.blahlab.com/plexar/2023/06/auderd-digital-design-language-2/index.html]
[wordpress.blahlab.com/plexar/wp-includes/js/comment-reply.min4d2c.js]
[wordpress.blahlab.com/plexar/tag/brand/index.html]
[wordpress.blahlab.com/plexar/tag/design/index.html]
[wordpress.blahlab.com/plexar/tag/marketing/index.html]
[wordpress.blahlab.com/plexar/wp-json/oembed/1.0/embed0d54.json]
[wordpress.blahlab.com/plexar/tag/tips/index.html]
[wordpress.blahlab.com/plexar/2023/06/the-challenges-of-scaling-innovation-2/index.html]
[wordpress.blahlab.com/plexar/2023/06/auderd-digital-design-language-2/index3094.html]
[wordpress.blahlab.com/plexar/2023/06/auderd-digital-design-language-2/index0e22.html]
[wordpress.blahlab.com/plexar/2023/06/auderd-digital-design-language-2/index21b4.html]
[wordpress.blahlab.com/plexar/2023/06/the-challenges-of-scaling-innovation-2/feed/index.html]
[wordpress.blahlab.com/plexar/wp-json/oembed/1.0/embed7576.json]
[wordpress.blahlab.com/plexar/category/uncategorized/index.html]
[wordpress.blahlab.com/plexar/2023/06/prototypes-and-production-2/index.html]
[wordpress.blahlab.com/plexar/2023/06/prototypes-and-production-2/feed/index.html]
[wordpress.blahlab.com/plexar/2023/06/there-are-two-main-methodologies-of-open-source-development/index.html]
[wordpress.blahlab.com/plexar/index905b.html]
[wordpress.blahlab.com/plexar/wp-login0858.html]
[wordpress.blahlab.com/plexar/wp-admin/index.html]
[wordpress.blahlab.com/plexar/indexa7ab.html]
[wordpress.blahlab.com/plexar/index7033.html]
[wordpress.blahlab.com/plexar/index2c3d.html]
[wordpress.blahlab.com/plexar/index5a14.html]
[wordpress.blahlab.com/plexar/indexe90e.html]
[wordpress.blahlab.com/plexar/index9c09.html]
[wordpress.blahlab.com/plexar/indexa1c1.html]
[wordpress.blahlab.com/plexar/indexf8fc.html]
[wordpress.blahlab.com/plexar/index5cd0.html]
[wordpress.blahlab.com/plexar/index8989.html]
[wordpress.blahlab.com/plexar/wp-content/themes/plexar-by-honryou/index.html]
[wordpress.blahlab.com/plexar/index1583.html]
[wordpress.blahlab.com/plexar/category/opinion/index.html]
[wordpress.blahlab.com/plexar/category/web-design/index.html]
[wordpress.blahlab.com/plexar/category/web-design/feed/index.html]
[wordpress.blahlab.com/plexar/category/opinion/feed/index.html]
[wordpress.blahlab.com/plexar/tag/brand/index.html]
[wordpress.blahlab.com/plexar/tag/design/index.html]
[wordpress.blahlab.com/plexar/tag/marketing/index.html]
[wordpress.blahlab.com/plexar/tag/tips/index.html]
[wordpress.blahlab.com/plexar/tag/brand/feed/index.html]
[wordpress.blahlab.com/plexar/tag/design/feed/index.html]
[wordpress.blahlab.com/plexar/2023/06/auderd-digital-design-language-2/index0e22.html]
[wordpress.blahlab.com/plexar/2023/06/auderd-digital-design-language-2/index3094.html]
[wordpress.blahlab.com/plexar/2023/06/auderd-digital-design-language-2/index21b4.html]
[wordpress.blahlab.com/plexar/indexe01d.html]
[wordpress.blahlab.com/plexar/category/uncategorized/index.html]
[wordpress.blahlab.com/plexar/tag/marketing/feed/index.html]
[wordpress.blahlab.com/plexar/tag/tips/feed/index.html]
[wordpress.blahlab.com/plexar/wp-json/oembed/1.0/embed3a99]
[wordpress.blahlab.com/plexar/category/uncategorized/feed/index.html]
[wordpress.blahlab.com/plexar/category/uncategorized/page/2/index.html]
[wordpress.blahlab.com/plexar/2023/06/there-are-two-main-methodologies-of-open-source-development/index.html]
[wordpress.blahlab.com/plexar/2023/06/there-are-two-main-methodologies-of-open-source-development/feed/index.html]
[wordpress.blahlab.com/plexar/2023/06/the-challenges-of-scaling-innovation/index.html]
[wordpress.blahlab.com/plexar/index8bfb.html]
[wordpress.blahlab.com/plexar/wp-includes/css/dashicons.min4d2c.css]
[wordpress.blahlab.com/plexar/wp-includes/css/buttons.min4d2c.css]
[wordpress.blahlab.com/plexar/wp-admin/css/forms.min4d2c.css]
[wordpress.blahlab.com/plexar/wp-admin/css/l10n.min4d2c.css]
[wordpress.blahlab.com/plexar/wp-admin/css/login.min4d2c.css]
[wordpress.blahlab.com/plexar/wp-loginc2b6.html]
[wordpress.blahlab.com/plexar/wp-login0858.html]
[wordpress.blahlab.com/plexar/wp-content/uploads/2023/06/blog-6.jpg]
[wordpress.blahlab.com/plexar/category/uncategorized/page/2/index.html]
[wordpress.blahlab.com/plexar/2023/06/auderd-digital-design-language/index.html]
[wordpress.blahlab.com/plexar/2023/06/prototypes-and-production/index.html]
[wordpress.blahlab.com/plexar/category/uncategorized/page/3/index.html]
[wordpress.blahlab.com/plexar/wp-json/oembed/1.0/embedfaa9.json]
[wordpress.blahlab.com/plexar/2023/06/the-challenges-of-scaling-innovation/index.html]
[wordpress.blahlab.com/plexar/indexd13e.html]
[wordpress.blahlab.com/plexar/2023/06/the-challenges-of-scaling-innovation/feed/index.html]
[wordpress.blahlab.com/plexar/wp-includes/fonts/dashicons2ce6.eot]
[wordpress.blahlab.com/plexar/wp-includes/fonts/dashicons2ce6.ttf]
[wordpress.blahlab.com/plexar/wp-includes/css/dashicons.min4d2c.css]
[wordpress.blahlab.com/plexar/wp-includes/css/buttons.min4d2c.css]
[wordpress.blahlab.com/plexar/wp-admin/images/loading.gif]
[wordpress.blahlab.com/plexar/wp-admin/css/forms.min4d2c.css]
[wordpress.blahlab.com/plexar/wp-admin/css/l10n.min4d2c.css]
[wordpress.blahlab.com/plexar/wp-admin/images/w-logo-blue7a53.png]
[wordpress.blahlab.com/plexar/wp-admin/css/login.min4d2c.css]
[wordpress.blahlab.com/plexar/wp-admin/&reauth=1.html]
[wordpress.blahlab.com/plexar/wp-login.html]
[wordpress.blahlab.com/plexar/wp-loginc2b6.html]
[wordpress.blahlab.com/plexar/wp-json/oembed/1.0/embed5744.json]
[wordpress.blahlab.com/plexar/2023/06/auderd-digital-design-language/index.html]
[wordpress.blahlab.com/plexar/2023/06/auderd-digital-design-language/feed/index.html]
[wordpress.blahlab.com/plexar/wp-json/oembed/1.0/embedd770.json]
[wordpress.blahlab.com/plexar/2023/06/prototypes-and-production/index.html]
[wordpress.blahlab.com/plexar/2023/06/luxury-lifestyle/index.html]
[wordpress.blahlab.com/plexar/2023/06/prototypes-and-production/feed/index.html]
[wordpress.blahlab.com/plexar/wp-content/uploads/2023/06/blog-4.jpg]
[wordpress.blahlab.com/plexar/wp-content/uploads/2023/06/blog-3.jpg]
[wordpress.blahlab.com/plexar/category/uncategorized/page/3/index.html]
[wordpress.blahlab.com/plexar/index6683.html]
[wordpress.blahlab.com/plexar/wp-admin/images/wordpress-logo7d6b.svg]
[wordpress.blahlab.com/plexar/wp-login.html]
[wordpress.blahlab.com/plexar/index0c63.html]
[wordpress.blahlab.com/plexar/2023/06/theyre-pissa-not-pizza/index.html]
[wordpress.blahlab.com/plexar/2023/06/luxury-lifestyle/feed/index.html]
[wordpress.blahlab.com/plexar/wp-json/oembed/1.0/embed5aec.json]
[wordpress.blahlab.com/plexar/2023/06/luxury-lifestyle/index.html]
[wordpress.blahlab.com/plexar/index2e8b.html]
[wordpress.blahlab.com/plexar/wp-json/oembed/1.0/embede8d3.json]
[wordpress.blahlab.com/plexar/2023/06/theyre-pissa-not-pizza/index.html]
[wordpress.blahlab.com/plexar/2023/06/theyre-pissa-not-pizza/feed/index.html]
[wordpress.blahlab.com/plexar/indexa308.html]
[wordpress.blahlab.com/plexar/indexf993.html]
